// Jest Snapshot v1, https://goo.gl/fbAQLP

exports[`Container Renders as expected 1`] = `
<View
  testID="test-id"
/>
`;
